Enter password: ***********
Welcome to the MySQL monitor.  Commands end with ; or \g.
Your MySQL connection id is 37
Server version: 8.0.30 MySQL Community Server - GPL

Copyright (c) 2000, 2022, Oracle and/or its affiliates.

Oracle is a registered trademark of Oracle Corporation and/or its
affiliates. Other names may be trademarks of their respective
owners.

Type 'help;' or '\h' for help. Type '\c' to clear the current input statement.

mysql> show databases;
+--------------------+
| Database           |
+--------------------+
| clause             |
| data               |
| data1              |
| dbms               |
| employee           |
| information_schema |
| mysql              |
| performance_schema |
| sys                |
| workers            |
| workers1           |
+--------------------+
11 rows in set (0.01 sec)

mysql> create database bank;
Query OK, 1 row affected (0.01 sec)

mysql> use bank;
Database changed
mysql> create table bank(s_no int(20),cust_name varchar(20),acc_no varchar(20),balance int(20),cust_branch varchar(20));
Query OK, 0 rows affected, 2 warnings (0.04 sec)

mysql> insert into bank values(1,'ramesh','12378','100000','adyar');
Query OK, 1 row affected (0.01 sec)

mysql> insert into bank values(2,'samran','12367','152500','mylapore');
Query OK, 1 row affected (0.01 sec)

mysql> insert into bank values(3,'hari','12345','250000','anna salai');
Query OK, 1 row affected (0.01 sec)

mysql> select * from bank;
+------+-----------+--------+---------+-------------+
| s_no | cust_name | acc_no | balance | cust_branch |
+------+-----------+--------+---------+-------------+
|    1 | ramesh    | 12378  |  100000 | adyar       |
|    2 | samran    | 12367  |  152500 | mylapore    |
|    3 | hari      | 12345  |  250000 | anna salai  |
+------+-----------+--------+---------+-------------+
3 rows in set (0.00 sec)

mysql> select cust_name,acc_no,cust_branch
    -> from bank
    -> where balance > 200000;
+-----------+--------+-------------+
| cust_name | acc_no | cust_branch |
+-----------+--------+-------------+
| hari      | 12345  | anna salai  |
+-----------+--------+-------------+
1 row in set (0.01 sec)

mysql> select * from bank;
+------+-----------+--------+---------+-------------+
| s_no | cust_name | acc_no | balance | cust_branch |
+------+-----------+--------+---------+-------------+
|    1 | ramesh    | 12378  |  100000 | adyar       |
|    2 | samran    | 12367  |  152500 | mylapore    |
|    3 | hari      | 12345  |  250000 | anna salai  |
+------+-----------+--------+---------+-------------+
3 rows in set (0.00 sec)

mysql> select cust_name,acc_no,cust_branch
    -> from bank
    -> where balance between 100000 and 200000;
+-----------+--------+-------------+
| cust_name | acc_no | cust_branch |
+-----------+--------+-------------+
| ramesh    | 12378  | adyar       |
| samran    | 12367  | mylapore    |
+-----------+--------+-------------+
2 rows in set (0.01 sec)

mysql> update bank
    -> set
    -> cust_branch
    -> cust_branch='pondy'
    -> where
    -> s_no='2';
ERROR 1064 (42000): You have an error in your SQL syntax; check the manual that corresponds to your MySQL server version for the right syntax to use near 'cust_branch='pondy'
where
s_no='2'' at line 4
mysql> update bank
    -> set
    -> cust_branch='pondy'
    -> where
    -> s_no=2;
Query OK, 1 row affected (0.01 sec)
Rows matched: 1  Changed: 1  Warnings: 0

mysql> select * from bank;
+------+-----------+--------+---------+-------------+
| s_no | cust_name | acc_no | balance | cust_branch |
+------+-----------+--------+---------+-------------+
|    1 | ramesh    | 12378  |  100000 | adyar       |
|    2 | samran    | 12367  |  152500 | pondy       |
|    3 | hari      | 12345  |  250000 | anna salai  |
+------+-----------+--------+---------+-------------+
3 rows in set (0.00 sec)

mysql> select max(balance)
    -> from bank;
+--------------+
| max(balance) |
+--------------+
|       250000 |
+--------------+
1 row in set (0.01 sec)

mysql> drop table bank;
Query OK, 0 rows affected (0.02 sec)

mysql> select * from bank;
ERROR 1146 (42S02): Table 'bank.bank' doesn't exist
mysql>
